<?xml version="1.0" encoding="utf-8"?><testsuites name="pytest tests"><testsuite name="pytest" errors="0" failures="0" skipped="0" tests="56" time="4.235" timestamp="2026-08-18T15:35:07.239344+05:30" hostname="LAPTOP-0488KUBF"><testcase classname="test_day15_integration" name="test_pipeline_extracts_keywords" time="1.256" /><testcase classname="test_day15_integration" name="test_pipeline_produces_findings_for_each_keyword" time="0.723" /><testcase classname="test_day15_integration" name="test_pipeline_generates_non_empty_analysis" time="0.514" /><testcase classname="test_day15_integration" name="test_pipeline_text_report_contains_expected_content" time="0.477" /><testcase classname="test_day15_integration" name="test_pipeline_json_report_is_valid_and_complete" time="0.591" /><testcase classname="test_day15_integration" name="test_pipeline_markdown_report_has_table" time="0.493" /><testcase classname="test_day15_integration" name="test_pipeline_handles_benign_scan_with_no_indicators" time="0.001" /><testcase classname="test_day16_integration" name="test_pipeline_parses_log_entries" time="0.001" /><testcase classname="test_day16_integration" name="test_pipeline_extracts_direct_keyword" time="0.001" /><testcase classname="test_day16_integration" name="test_pipeline_infers_brute_force_from_repeated_failed_logons" time="0.001" /><testcase classname="test_day16_integration" name="test_pipeline_does_not_infer_brute_force_below_threshold" time="0.000" /><testcase classname="test_day16_integration" name="test_pipeline_produces_findings_for_each_keyword" time="0.001" /><testcase classname="test_day16_integration" name="test_pipeline_generates_non_empty_analysis" time="0.002" /><testcase classname="test_day16_integration" name="test_pipeline_report_contains_expected_content" time="0.001" /><testcase classname="test_day16_integration" name="test_pipeline_json_report_is_valid" time="0.001" /><testcase classname="test_day16_integration" name="test_pipeline_handles_benign_log_with_no_indicators" time="0.001" /><testcase classname="test_integration" name="test_parse_nmap_extracts_service_lines" time="0.001" /><testcase classname="test_integration" name="test_extract_keywords_from_services" time="0.001" /><testcase classname="test_integration" name="test_end_to_end_nmap_to_mitre_technique" time="0.001" /><testcase classname="test_integration" name="test_end_to_end_handles_no_match_gracefully" time="0.001" /><testcase classname="test_mitre_mapper" name="test_phishing_maps_to_technique" time="0.010" /><testcase classname="test_mitre_mapper" name="test_powershell_maps_to_technique" time="0.001" /><testcase classname="test_mitre_mapper" name="test_result_has_expected_fields" time="0.000" /><testcase classname="test_mitre_mapper" name="test_technique_id_format" time="0.000" /><testcase classname="test_mitre_mapper" name="test_case_insensitivity" time="0.001" /><testcase classname="test_mitre_mapper" name="test_unknown_keyword_returns_none" time="0.006" /><testcase classname="test_mitre_mapper" name="test_empty_string_returns_none" time="0.001" /><testcase classname="test_mitre_mapper" name="test_none_input_returns_none" time="0.001" /><testcase classname="test_owasp_mapper" name="test_sql_injection_maps_to_injection" time="0.001" /><testcase classname="test_owasp_mapper" name="test_misconfiguration_maps_correctly" time="0.001" /><testcase classname="test_owasp_mapper" name="test_access_control_maps_correctly" time="0.001" /><testcase classname="test_owasp_mapper" name="test_authentication_maps_correctly" time="0.001" /><testcase classname="test_owasp_mapper" name="test_logging_maps_correctly" time="0.001" /><testcase classname="test_owasp_mapper" name="test_unknown_keyword_returns_none" time="0.001" /><testcase classname="test_owasp_mapper" name="test_empty_string_returns_none" time="0.000" /><testcase classname="test_owasp_mapper" name="test_none_input_returns_none" time="0.001" /><testcase classname="test_owasp_mapper" name="test_case_insensitivity" time="0.001" /><testcase classname="test_remediation_mapper" name="test_owasp_remediation_returned_for_known_rank" time="0.001" /><testcase classname="test_remediation_mapper" name="test_mitre_remediation_returned_for_known_technique" time="0.001" /><testcase classname="test_remediation_mapper" name="test_mitre_remediation_handles_subtechnique_fallback" time="0.001" /><testcase classname="test_remediation_mapper" name="test_mitre_remediation_uses_generic_fallback_for_unmapped_technique" time="0.001" /><testcase classname="test_remediation_mapper" name="test_remediation_none_for_no_owasp_or_mitre_match" time="0.001" /><testcase classname="test_remediation_mapper" name="test_remediation_handles_empty_dict_gracefully" time="0.000" /><testcase classname="test_remediation_mapper" name="test_remediation_handles_none_input_gracefully" time="0.000" /><testcase classname="test_remediation_mapper" name="test_get_remediation_for_findings_batch" time="0.001" /><testcase classname="test_remediation_mapper" name="test_get_remediation_for_findings_empty_list" time="0.001" /><testcase classname="test_remediation_mapper" name="test_all_owasp_categories_have_remediation_steps" time="0.001" /><testcase classname="test_sample" name="test_addition" time="0.001" /><testcase classname="tests.test_mapping" name="test_access_control_keyword" time="0.001" /><testcase classname="tests.test_mapping" name="test_sql_injection_keyword" time="0.001" /><testcase classname="tests.test_mapping" name="test_encryption_keyword" time="0.001" /><testcase classname="tests.test_mapping" name="test_logging_keyword" time="0.000" /><testcase classname="tests.test_mapping" name="test_supply_chain_keyword" time="0.001" /><testcase classname="tests.test_mapping" name="test_ssrf_consolidation" time="0.000" /><testcase classname="tests.test_mapping" name="test_unmatched_keyword_returns_none" time="0.001" /><testcase classname="tests.test_mapping" name="test_case_insensitivity" time="0.001" /></testsuite></testsuites>